
> symbiose@0.0.0 test C:\Users\Lars\equal-project\apps-core-workbench-fork
> ng test "--include=**/*Translation.spec.ts" "--watch=false"

npm : - Generating browser application bundles (phase: setup)...
At line:1 char:1
+ npm test -- --include="**/*Translation.spec.ts" --watch=false 2>&1 |  ...
+ ~~~~~~~~~~~~~~~~~~~~~~~~~~~~~~~~~~~~~~~~~~~~~~~~~~~~~~~~~~~~~~~~~~
    + CategoryInfo          : NotSpecified: (- Generating br...hase: setup)... 
   :String) [], RemoteException
    + FullyQualifiedErrorId : NativeCommandError
 
Ô£ö Browser application bundle generation complete.
15 04 2026 15:01:17.907:INFO [karma-server]: Karma v6.3.20 server started at http://localhost:9876/
15 04 2026 15:01:17.911:INFO [launcher]: Launching browsers ChromeHeadlessNoSandbox with concurrency unlimited
15 04 2026 15:01:17.915:INFO [launcher]: Starting browser ChromeHeadless
15 04 2026 15:01:19.125:INFO [Chrome Headless 147.0.0.0 (Windows 10)]: Connected on socket zgh7AHSDCnHjHJy8AAAB with id 44106029
Chrome Headless 147.0.0.0 (Windows 10): Executed 0 of 14[32m SUCCESS[39m (0 secs / 0 secs)
[1A[2KChrome Headless 147.0.0.0 (Windows 10): Executed 1 of 14[32m SUCCESS[39m (0 secs / 0.002 secs)
[1A[2KLOG: [36m'layout: ', Object{}, 'actions: ', Object{}, 'routes: ', Object{}[39m
Chrome Headless 147.0.0.0 (Windows 10): Executed 1 of 14[32m SUCCESS[39m (0 secs / 0.002 secs)
LOG: 'layout: ', Object{}, 'actions: ', Object{}, 'routes: ', Object{}
[1A[2KChrome Headless 147.0.0.0 (Windows 10): Executed 2 of 14[32m SUCCESS[39m (0 secs / 0.003 secs)
[1A[2KLOG: [36m'layout: ', Object{}, 'actions: ', Object{ACTION.CUSTOM: ViewActionTranslator{label: Translation{value: ...}, description: Translation{value: ...}, isActive: false}}, 'routes: ', Object{ROUTE.CUSTOM: ViewRouteTranslator{label: Translation{value: ...}, description: Translation{value: ...}, isActive: false}}[39m
Chrome Headless 147.0.0.0 (Windows 10): Executed 2 of 14[32m SUCCESS[39m (0 secs / 0.003 secs)
LOG: 'layout: ', Object{}, 'actions: ', Object{ACTION.CUSTOM: ViewActionTranslator{label: Translation{value: ...}, description: Translation{value: ...}, isActive: false}}, 'routes: ', Object{ROUTE.CUSTOM: ViewRouteTranslator{label: Translation{value: ...}, description: Translation{value: ...}, isActive: false}}
[1A[2KChrome Headless 147.0.0.0 (Windows 10): Executed 3 of 14[32m SUCCESS[39m (0 secs / 0.004 secs)
[1A[2KLOG: [36m'layout: ', Object{group.main: ViewLayoutItemTranslator{label: Translation{value: ...}, isActive: false}, section.main: ViewLayoutItemTranslator{label: Translation{value: ...}, isActive: false}, row.main: ViewLayoutItemTranslator{label: Translation{value: ...}, isActive: false}, column.main: ViewLayoutItemTranslator{label: Translation{value: ...}, isActive: false}, code: ViewLayoutItemTranslator{label: Translation{value: ...}, isActive: false}, title: ViewLayoutItemTranslator{label: Translation{value: ...}, isActive: false}}, 'actions: ', Object{}, 'routes: ', Object{}[39m
Chrome Headless 147.0.0.0 (Windows 10): Executed 3 of 14[32m SUCCESS[39m (0 secs / 0.004 secs)
LOG: 'layout: ', Object{group.main: ViewLayoutItemTranslator{label: Translation{value: ...}, isActive: false}, section.main: ViewLayoutItemTranslator{label: Translation{value: ...}, isActive: false}, row.main: ViewLayoutItemTranslator{label: Translation{value: ...}, isActive: false}, column.main: ViewLayoutItemTranslator{label: Translation{value: ...}, isActive: false}, code: ViewLayoutItemTranslator{label: Translation{value: ...}, isActive: false}, title: ViewLayoutItemTranslator{label: Translation{value: ...}, isActive: false}}, 'actions: ', Object{}, 'routes: ', Object{}
[1A[2KChrome Headless 147.0.0.0 (Windows 10): Executed 4 of 14[32m SUCCESS[39m (0 secs / 0.006 secs)
[1A[2KLOG: [36m'Constructing Translator with model fields:', ['test'], [Object{name: 'view', view: View{leftover: ..., layout: ..., name: ..., description: ..., type: ..., domain: ..., filters: ..., controller: ..., actions: ..., routes: ..., access: ..., operations: ..., limit: ..., groupBy: ..., order: ..., sort: ..., _has_domain: ..., _has_header: ..., _has_filter: ..., _has_actions: ..., _has_selection_actions: ..., _has_routes: ..., _has_access: ..., _has_limit: ..., _has_group_by: ..., header: ...}}][39m
Chrome Headless 147.0.0.0 (Windows 10): Executed 4 of 14[32m SUCCESS[39m (0 secs / 0.006 secs)
LOG: 'Constructing Translator with model fields:', ['test'], [Object{name: 'view', view: View{leftover: ..., layout: ..., name: ..., description: ..., type: ..., domain: ..., filters: ..., controller: ..., actions: ..., routes: ..., access: ..., operations: ..., limit: ..., groupBy: ..., order: ..., sort: ..., _has_domain: ..., _has_header: ..., _has_filter: ..., _has_actions: ..., _has_selection_actions: ..., _has_routes: ..., _has_access: ..., _has_limit: ..., _has_group_by: ..., header: ...}}]
[1A[2KLOG: [36m'layout: ', Object{}, 'actions: ', Object{}, 'routes: ', Object{}[39m
Chrome Headless 147.0.0.0 (Windows 10): Executed 4 of 14[32m SUCCESS[39m (0 secs / 0.006 secs)
LOG: 'layout: ', Object{}, 'actions: ', Object{}, 'routes: ', Object{}
[1A[2KLOG: [36m'Registered view view with layout ids:', [][39m
Chrome Headless 147.0.0.0 (Windows 10): Executed 4 of 14[32m SUCCESS[39m (0 secs / 0.006 secs)
LOG: 'Registered view view with layout ids:', []
[1A[2KLOG: [36m'[TranslationFlow] Translator.construct.summary', Object{ok: true, modelRegistered: ['test'], viewRegistered: ['view']}[39m
Chrome Headless 147.0.0.0 (Windows 10): Executed 4 of 14[32m SUCCESS[39m (0 secs / 0.006 secs)
LOG: '[TranslationFlow] Translator.construct.summary', Object{ok: true, modelRegistered: ['test'], viewRegistered: ['view']}
[1A[2KChrome Headless 147.0.0.0 (Windows 10): Executed 5 of 14[32m SUCCESS[39m (0 secs / 0.007 secs)
[1A[2KLOG: [36m'Constructing Translator with model fields:', ['test'], [Object{name: 'test_list', view: View{leftover: ..., layout: ..., name: ..., description: ..., type: ..., domain: ..., filters: ..., controller: ..., actions: ..., routes: ..., access: ..., operations: ..., limit: ..., groupBy: ..., order: ..., sort: ..., _has_domain: ..., _has_header: ..., _has_filter: ..., _has_actions: ..., _has_selection_actions: ..., _has_routes: ..., _has_access: ..., _has_limit: ..., _has_group_by: ..., header: ...}}][39m
Chrome Headless 147.0.0.0 (Windows 10): Executed 5 of 14[32m SUCCESS[39m (0 secs / 0.007 secs)
LOG: 'Constructing Translator with model fields:', ['test'], [Object{name: 'test_list', view: View{leftover: ..., layout: ..., name: ..., description: ..., type: ..., domain: ..., filters: ..., controller: ..., actions: ..., routes: ..., access: ..., operations: ..., limit: ..., groupBy: ..., order: ..., sort: ..., _has_domain: ..., _has_header: ..., _has_filter: ..., _has_actions: ..., _has_selection_actions: ..., _has_routes: ..., _has_access: ..., _has_limit: ..., _has_group_by: ..., header: ...}}]
[1A[2KLOG: [36m'layout: ', Object{}, 'actions: ', Object{}, 'routes: ', Object{}[39m
Chrome Headless 147.0.0.0 (Windows 10): Executed 5 of 14[32m SUCCESS[39m (0 secs / 0.007 secs)
LOG: 'layout: ', Object{}, 'actions: ', Object{}, 'routes: ', Object{}
[1A[2KLOG: [36m'Registered view test_list with layout ids:', [][39m
Chrome Headless 147.0.0.0 (Windows 10): Executed 5 of 14[32m SUCCESS[39m (0 secs / 0.007 secs)
LOG: 'Registered view test_list with layout ids:', []
[1A[2KLOG: [36m'[TranslationFlow] Translator.construct.summary', Object{ok: true, modelRegistered: ['test'], viewRegistered: ['test_list']}[39m
Chrome Headless 147.0.0.0 (Windows 10): Executed 5 of 14[32m SUCCESS[39m (0 secs / 0.007 secs)
LOG: '[TranslationFlow] Translator.construct.summary', Object{ok: true, modelRegistered: ['test'], viewRegistered: ['test_list']}
[1A[2KLOG: [36m'[TranslationFlow] Translator.fill.baseFields', Object{name: 'Test Name', description: 'Test Description', plural: 'Test Plural'}[39m
Chrome Headless 147.0.0.0 (Windows 10): Executed 5 of 14[32m SUCCESS[39m (0 secs / 0.007 secs)
LOG: '[TranslationFlow] Translator.fill.baseFields', Object{name: 'Test Name', description: 'Test Description', plural: 'Test Plural'}
[1A[2KLOG: [36m'[TranslationFlow] Translator.fill.summary', Object{modelFilled: [], modelSkippedUnknown: [], viewFilled: [], viewStoredInLeftover: [], errorGroupCount: 1}[39m
Chrome Headless 147.0.0.0 (Windows 10): Executed 5 of 14[32m SUCCESS[39m (0 secs / 0.007 secs)
LOG: '[TranslationFlow] Translator.fill.summary', Object{modelFilled: [], modelSkippedUnknown: [], viewFilled: [], viewStoredInLeftover: [], errorGroupCount: 1}
[1A[2KLOG: [36m'[TranslationFlow] Translator.export.summary', Object{rootKeys: ['name', 'plural', 'description', 'model', 'view'], modelCount: 0, viewCount: 1, errorCount: 0}[39m
Chrome Headless 147.0.0.0 (Windows 10): Executed 5 of 14[32m SUCCESS[39m (0 secs / 0.007 secs)
LOG: '[TranslationFlow] Translator.export.summary', Object{rootKeys: ['name', 'plural', 'description', 'model', 'view'], modelCount: 0, viewCount: 1, errorCount: 0}
[1A[2KChrome Headless 147.0.0.0 (Windows 10): Executed 6 of 14[32m SUCCESS[39m (0 secs / 0.008 secs)
[1A[2KLOG: [36m'Constructing Translator with model fields:', ['test'], [Object{name: 'test_list', view: View{leftover: ..., layout: ..., name: ..., description: ..., type: ..., domain: ..., filters: ..., controller: ..., actions: ..., routes: ..., access: ..., operations: ..., limit: ..., groupBy: ..., order: ..., sort: ..., _has_domain: ..., _has_header: ..., _has_filter: ..., _has_actions: ..., _has_selection_actions: ..., _has_routes: ..., _has_access: ..., _has_limit: ..., _has_group_by: ..., header: ...}}][39m
Chrome Headless 147.0.0.0 (Windows 10): Executed 6 of 14[32m SUCCESS[39m (0 secs / 0.008 secs)
LOG: 'Constructing Translator with model fields:', ['test'], [Object{name: 'test_list', view: View{leftover: ..., layout: ..., name: ..., description: ..., type: ..., domain: ..., filters: ..., controller: ..., actions: ..., routes: ..., access: ..., operations: ..., limit: ..., groupBy: ..., order: ..., sort: ..., _has_domain: ..., _has_header: ..., _has_filter: ..., _has_actions: ..., _has_selection_actions: ..., _has_routes: ..., _has_access: ..., _has_limit: ..., _has_group_by: ..., header: ...}}]
[1A[2KLOG: [36m'layout: ', Object{}, 'actions: ', Object{}, 'routes: ', Object{}[39m
Chrome Headless 147.0.0.0 (Windows 10): Executed 6 of 14[32m SUCCESS[39m (0 secs / 0.008 secs)
LOG: 'layout: ', Object{}, 'actions: ', Object{}, 'routes: ', Object{}
[1A[2KLOG: [36m'Registered view test_list with layout ids:', [][39m
Chrome Headless 147.0.0.0 (Windows 10): Executed 6 of 14[32m SUCCESS[39m (0 secs / 0.008 secs)
LOG: 'Registered view test_list with layout ids:', []
[1A[2KLOG: [36m'[TranslationFlow] Translator.construct.summary', Object{ok: true, modelRegistered: ['test'], viewRegistered: ['test_list']}[39m
Chrome Headless 147.0.0.0 (Windows 10): Executed 6 of 14[32m SUCCESS[39m (0 secs / 0.008 secs)
LOG: '[TranslationFlow] Translator.construct.summary', Object{ok: true, modelRegistered: ['test'], viewRegistered: ['test_list']}
[1A[2KLOG: [36m'[TranslationFlow] Translator.fill.baseFields', Object{name: 'Test Name', description: 'Test Description', plural: 'Test Plural'}[39m
Chrome Headless 147.0.0.0 (Windows 10): Executed 6 of 14[32m SUCCESS[39m (0 secs / 0.008 secs)
LOG: '[TranslationFlow] Translator.fill.baseFields', Object{name: 'Test Name', description: 'Test Description', plural: 'Test Plural'}
[1A[2KLOG: [36m'[TranslationFlow] Translator.fill.summary', Object{modelFilled: [], modelSkippedUnknown: [], viewFilled: [], viewStoredInLeftover: [], errorGroupCount: 1}[39m
Chrome Headless 147.0.0.0 (Windows 10): Executed 6 of 14[32m SUCCESS[39m (0 secs / 0.008 secs)
LOG: '[TranslationFlow] Translator.fill.summary', Object{modelFilled: [], modelSkippedUnknown: [], viewFilled: [], viewStoredInLeftover: [], errorGroupCount: 1}
[1A[2KLOG: [36m'[TranslationFlow] Translator.export.summary', Object{rootKeys: ['name', 'plural', 'description', 'model', 'view', 'error'], modelCount: 0, viewCount: 1, errorCount: 1}[39m
Chrome Headless 147.0.0.0 (Windows 10): Executed 6 of 14[32m SUCCESS[39m (0 secs / 0.008 secs)
LOG: '[TranslationFlow] Translator.export.summary', Object{rootKeys: ['name', 'plural', 'description', 'model', 'view', 'error'], modelCount: 0, viewCount: 1, errorCount: 1}
[1A[2KChrome Headless 147.0.0.0 (Windows 10): Executed 7 of 14[32m SUCCESS[39m (0 secs / 0.009 secs)
[1A[2KLOG: [36m'Constructing Translator with model fields:', ['test'], [Object{name: 'test_list', view: View{leftover: ..., layout: ..., name: ..., description: ..., type: ..., domain: ..., filters: ..., controller: ..., actions: ..., routes: ..., access: ..., operations: ..., limit: ..., groupBy: ..., order: ..., sort: ..., _has_domain: ..., _has_header: ..., _has_filter: ..., _has_actions: ..., _has_selection_actions: ..., _has_routes: ..., _has_access: ..., _has_limit: ..., _has_group_by: ..., header: ...}}][39m
Chrome Headless 147.0.0.0 (Windows 10): Executed 7 of 14[32m SUCCESS[39m (0 secs / 0.009 secs)
LOG: 'Constructing Translator with model fields:', ['test'], [Object{name: 'test_list', view: View{leftover: ..., layout: ..., name: ..., description: ..., type: ..., domain: ..., filters: ..., controller: ..., actions: ..., routes: ..., access: ..., operations: ..., limit: ..., groupBy: ..., order: ..., sort: ..., _has_domain: ..., _has_header: ..., _has_filter: ..., _has_actions: ..., _has_selection_actions: ..., _has_routes: ..., _has_access: ..., _has_limit: ..., _has_group_by: ..., header: ...}}]
[1A[2KLOG: [36m'layout: ', Object{}, 'actions: ', Object{}, 'routes: ', Object{}[39m
Chrome Headless 147.0.0.0 (Windows 10): Executed 7 of 14[32m SUCCESS[39m (0 secs / 0.009 secs)
LOG: 'layout: ', Object{}, 'actions: ', Object{}, 'routes: ', Object{}
[1A[2KLOG: [36m'Registered view test_list with layout ids:', [][39m
Chrome Headless 147.0.0.0 (Windows 10): Executed 7 of 14[32m SUCCESS[39m (0 secs / 0.009 secs)
LOG: 'Registered view test_list with layout ids:', []
[1A[2KLOG: [36m'[TranslationFlow] Translator.construct.summary', Object{ok: true, modelRegistered: ['test'], viewRegistered: ['test_list']}[39m
Chrome Headless 147.0.0.0 (Windows 10): Executed 7 of 14[32m SUCCESS[39m (0 secs / 0.009 secs)
LOG: '[TranslationFlow] Translator.construct.summary', Object{ok: true, modelRegistered: ['test'], viewRegistered: ['test_list']}
[1A[2KLOG: [36m'[TranslationFlow] Translator.fill.baseFields', Object{name: 'Test Name', description: 'Test Description', plural: 'Test Plural'}[39m
Chrome Headless 147.0.0.0 (Windows 10): Executed 7 of 14[32m SUCCESS[39m (0 secs / 0.009 secs)
LOG: '[TranslationFlow] Translator.fill.baseFields', Object{name: 'Test Name', description: 'Test Description', plural: 'Test Plural'}
[1A[2KLOG: [36m'[TranslationFlow] ViewTranslator.fill.baseFields', Object{name: 'Test View Name', description: 'Test View Description'}[39m
Chrome Headless 147.0.0.0 (Windows 10): Executed 7 of 14[32m SUCCESS[39m (0 secs / 0.009 secs)
LOG: '[TranslationFlow] ViewTranslator.fill.baseFields', Object{name: 'Test View Name', description: 'Test View Description'}
[1A[2KLOG: [36m'[TranslationFlow] ViewTranslator.fill.summary', Object{layoutFilled: [], layoutSkipped: [], actionFilled: [], actionSkipped: [], routeFilled: [], routeSkipped: []}[39m
Chrome Headless 147.0.0.0 (Windows 10): Executed 7 of 14[32m SUCCESS[39m (0 secs / 0.009 secs)
LOG: '[TranslationFlow] ViewTranslator.fill.summary', Object{layoutFilled: [], layoutSkipped: [], actionFilled: [], actionSkipped: [], routeFilled: [], routeSkipped: []}
[1A[2KLOG: [36m'[TranslationFlow] Translator.fill.summary', Object{modelFilled: ['test'], modelSkippedUnknown: [], viewFilled: ['test_list'], viewStoredInLeftover: [], errorGroupCount: 1}[39m
Chrome Headless 147.0.0.0 (Windows 10): Executed 7 of 14[32m SUCCESS[39m (0 secs / 0.009 secs)
LOG: '[TranslationFlow] Translator.fill.summary', Object{modelFilled: ['test'], modelSkippedUnknown: [], viewFilled: ['test_list'], viewStoredInLeftover: [], errorGroupCount: 1}
[1A[2KLOG: [36m'[TranslationFlow] Translator.export.summary', Object{rootKeys: ['name', 'plural', 'description', 'model', 'view', 'error'], modelCount: 1, viewCount: 1, errorCount: 1}[39m
Chrome Headless 147.0.0.0 (Windows 10): Executed 7 of 14[32m SUCCESS[39m (0 secs / 0.009 secs)
LOG: '[TranslationFlow] Translator.export.summary', Object{rootKeys: ['name', 'plural', 'description', 'model', 'view', 'error'], modelCount: 1, viewCount: 1, errorCount: 1}
[1A[2KChrome Headless 147.0.0.0 (Windows 10): Executed 8 of 14[32m SUCCESS[39m (0 secs / 0.01 secs)
[1A[2KChrome Headless 147.0.0.0 (Windows 10): Executed 9 of 14[32m SUCCESS[39m (0 secs / 0.01 secs)
[1A[2KChrome Headless 147.0.0.0 (Windows 10): Executed 10 of 14[32m SUCCESS[39m (0 secs / 0.01 secs)
[1A[2KChrome Headless 147.0.0.0 (Windows 10): Executed 11 of 14[32m SUCCESS[39m (0 secs / 0.01 secs)
[1A[2KChrome Headless 147.0.0.0 (Windows 10): Executed 12 of 14[32m SUCCESS[39m (0 secs / 0.01 secs)
[1A[2KChrome Headless 147.0.0.0 (Windows 10): Executed 13 of 14[32m SUCCESS[39m (0 secs / 0.012 secs)
[1A[2KChrome Headless 147.0.0.0 (Windows 10): Executed 14 of 14[32m SUCCESS[39m (0 secs / 0.012 secs)
[1A[2KChrome Headless 147.0.0.0 (Windows 10): Executed 14 of 14[32m SUCCESS[39m (0.025 secs / 0.012 secs)
[32mTOTAL: 14 SUCCESS[39m
